// Jest Snapshot v1, https://goo.gl/fbAQLP

exports[`ProfileStatus render component correctly 1`] = `
<div>
  <div>
    <span
      onDoubleClick={[Function]}
    >
      my profile status
    </span>
  </div>
</div>
`;
